// Jest Snapshot v1, https://goo.gl/fbAQLP

exports[`AnyHotPass render matches snapshot 1`] = `<DocumentFragment />`;
