// Jest Snapshot v1, https://goo.gl/fbAQLP

exports[`App render matches snapshot 1`] = `
<DocumentFragment>
  <div
    class="container"
  >
    <div
      class="card"
    >
      <div
        class="card-body"
      >
        <h3>
          AHP
        </h3>
        <form>
          <div
            class="form-group"
          >
            <input
              class="form-control"
              placeholder="Master Password"
              required=""
              type="password"
              value=""
            />
          </div>
          <div
            class="form-group"
          >
            <input
              class="form-control"
              placeholder="example.com"
              required=""
              type="url"
              value=""
            />
          </div>
          <button
            class="btn btn-primary btn-lg btn-block "
            type="submit"
          >
            Generate
          </button>
          <div
            class="form-group mt-3"
          >
            <input
              class="form-control"
              readonly=""
              type="text"
              value=""
            />
          </div>
        </form>
      </div>
    </div>
  </div>
</DocumentFragment>
`;
